  Determining projects to restore...
  All projects are up-to-date for restore.
D:\a\L-u-Tr-\L-u-Tr-\PCGAIMarketing\Program.cs(323,22): error CS0103: The name 'Path' does not exist in the current context [D:\a\L-u-Tr-\L-u-Tr-\PCGAIMarketing\PCGAIMarketing.csproj]
D:\a\L-u-Tr-\L-u-Tr-\PCGAIMarketing\Program.cs(324,13): error CS0103: The name 'File' does not exist in the current context [D:\a\L-u-Tr-\L-u-Tr-\PCGAIMarketing\PCGAIMarketing.csproj]
D:\a\L-u-Tr-\L-u-Tr-\PCGAIMarketing\Program.cs(326,21): error CS0103: The name 'Path' does not exist in the current context [D:\a\L-u-Tr-\L-u-Tr-\PCGAIMarketing\PCGAIMarketing.csproj]
D:\a\L-u-Tr-\L-u-Tr-\PCGAIMarketing\Program.cs(327,15): error CS0103: The name 'File' does not exist in the current context [D:\a\L-u-Tr-\L-u-Tr-\PCGAIMarketing\PCGAIMarketing.csproj]
D:\a\L-u-Tr-\L-u-Tr-\PCGAIMarketing\Program.cs(131,32): error CS0103: The name 'Path' does not exist in the current context [D:\a\L-u-Tr-\L-u-Tr-\PCGAIMarketing\PCGAIMarketing.csproj]
D:\a\L-u-Tr-\L-u-Tr-\PCGAIMarketing\Program.cs(135,18): error CS0103: The name 'Path' does not exist in the current context [D:\a\L-u-Tr-\L-u-Tr-\PCGAIMarketing\PCGAIMarketing.csproj]
D:\a\L-u-Tr-\L-u-Tr-\PCGAIMarketing\Program.cs(136,24): error CS0103: The name 'Path' does not exist in the current context [D:\a\L-u-Tr-\L-u-Tr-\PCGAIMarketing\PCGAIMarketing.csproj]
D:\a\L-u-Tr-\L-u-Tr-\PCGAIMarketing\Program.cs(137,9): error CS0103: The name 'Directory' does not exist in the current context [D:\a\L-u-Tr-\L-u-Tr-\PCGAIMarketing\PCGAIMarketing.csproj]
D:\a\L-u-Tr-\L-u-Tr-\PCGAIMarketing\Program.cs(138,9): error CS0103: The name 'Directory' does not exist in the current context [D:\a\L-u-Tr-\L-u-Tr-\PCGAIMarketing\PCGAIMarketing.csproj]
D:\a\L-u-Tr-\L-u-Tr-\PCGAIMarketing\Program.cs(146,18): error CS0103: The name 'File' does not exist in the current context [D:\a\L-u-Tr-\L-u-Tr-\PCGAIMarketing\PCGAIMarketing.csproj]
D:\a\L-u-Tr-\L-u-Tr-\PCGAIMarketing\Program.cs(147,30): error CS0103: The name 'File' does not exist in the current context [D:\a\L-u-Tr-\L-u-Tr-\PCGAIMarketing\PCGAIMarketing.csproj]
D:\a\L-u-Tr-\L-u-Tr-\PCGAIMarketing\Program.cs(152,19): error CS0103: The name 'File' does not exist in the current context [D:\a\L-u-Tr-\L-u-Tr-\PCGAIMarketing\PCGAIMarketing.csproj]
D:\a\L-u-Tr-\L-u-Tr-\PCGAIMarketing\Program.cs(164,19): error CS0103: The name 'File' does not exist in the current context [D:\a\L-u-Tr-\L-u-Tr-\PCGAIMarketing\PCGAIMarketing.csproj]
D:\a\L-u-Tr-\L-u-Tr-\PCGAIMarketing\Program.cs(165,17): error CS0103: The name 'File' does not exist in the current context [D:\a\L-u-Tr-\L-u-Tr-\PCGAIMarketing\PCGAIMarketing.csproj]
D:\a\L-u-Tr-\L-u-Tr-\PCGAIMarketing\Program.cs(167,23): error CS0103: The name 'File' does not exist in the current context [D:\a\L-u-Tr-\L-u-Tr-\PCGAIMarketing\PCGAIMarketing.csproj]
D:\a\L-u-Tr-\L-u-Tr-\PCGAIMarketing\Program.cs(168,25): error CS0103: The name 'File' does not exist in the current context [D:\a\L-u-Tr-\L-u-Tr-\PCGAIMarketing\PCGAIMarketing.csproj]
D:\a\L-u-Tr-\L-u-Tr-\PCGAIMarketing\Program.cs(168,58): error CS0103: The name 'File' does not exist in the current context [D:\a\L-u-Tr-\L-u-Tr-\PCGAIMarketing\PCGAIMarketing.csproj]
D:\a\L-u-Tr-\L-u-Tr-\PCGAIMarketing\Program.cs(170,18): error CS0103: The name 'File' does not exist in the current context [D:\a\L-u-Tr-\L-u-Tr-\PCGAIMarketing\PCGAIMarketing.csproj]
D:\a\L-u-Tr-\L-u-Tr-\PCGAIMarketing\Program.cs(291,14): error CS0103: The name 'File' does not exist in the current context [D:\a\L-u-Tr-\L-u-Tr-\PCGAIMarketing\PCGAIMarketing.csproj]
D:\a\L-u-Tr-\L-u-Tr-\PCGAIMarketing\Program.cs(294,32): error CS0103: The name 'File' does not exist in the current context [D:\a\L-u-Tr-\L-u-Tr-\PCGAIMarketing\PCGAIMarketing.csproj]
D:\a\L-u-Tr-\L-u-Tr-\PCGAIMarketing\Program.cs(297,36): error CS0103: The name 'Path' does not exist in the current context [D:\a\L-u-Tr-\L-u-Tr-\PCGAIMarketing\PCGAIMarketing.csproj]
D:\a\L-u-Tr-\L-u-Tr-\PCGAIMarketing\Program.cs(359,34): error CS0103: The name 'File' does not exist in the current context [D:\a\L-u-Tr-\L-u-Tr-\PCGAIMarketing\PCGAIMarketing.csproj]
D:\a\L-u-Tr-\L-u-Tr-\PCGAIMarketing\Program.cs(383,28): error CS0103: The name 'File' does not exist in the current context [D:\a\L-u-Tr-\L-u-Tr-\PCGAIMarketing\PCGAIMarketing.csproj]
D:\a\L-u-Tr-\L-u-Tr-\PCGAIMarketing\Program.cs(567,23): error CS0103: The name 'Path' does not exist in the current context [D:\a\L-u-Tr-\L-u-Tr-\PCGAIMarketing\PCGAIMarketing.csproj]
D:\a\L-u-Tr-\L-u-Tr-\PCGAIMarketing\Program.cs(568,25): error CS0103: The name 'Path' does not exist in the current context [D:\a\L-u-Tr-\L-u-Tr-\PCGAIMarketing\PCGAIMarketing.csproj]
D:\a\L-u-Tr-\L-u-Tr-\PCGAIMarketing\Program.cs(569,19): error CS0103: The name 'File' does not exist in the current context [D:\a\L-u-Tr-\L-u-Tr-\PCGAIMarketing\PCGAIMarketing.csproj]
D:\a\L-u-Tr-\L-u-Tr-\PCGAIMarketing\Program.cs(687,17): error CS0103: The name 'File' does not exist in the current context [D:\a\L-u-Tr-\L-u-Tr-\PCGAIMarketing\PCGAIMarketing.csproj]
D:\a\L-u-Tr-\L-u-Tr-\PCGAIMarketing\Program.cs(693,134): error CS0103: The name 'File' does not exist in the current context [D:\a\L-u-Tr-\L-u-Tr-\PCGAIMarketing\PCGAIMarketing.csproj]
